2024-07-28 23:55:01,476 INFO org.springframework.boot.StartupInfoLogger [main] Starting MazebankApplication using Java 17.0.11 on HENRIQUE-PC with PID 3612 (E:\Henrique Teixeira\Projetos\Java\mazebank\target\classes started by hthen in E:\Henrique Teixeira\Projetos\Java\mazebank)
2024-07-28 23:55:01,481 INFO org.springframework.boot.SpringApplication [main] No active profile set, falling back to 1 default profile: "default"
2024-07-28 23:55:02,604 INFO org.springframework.boot.web.embedded.tomcat.TomcatWebServer [main] Tomcat initialized with port(s): 8080 (http)
2024-07-28 23:55:02,613 INFO org.apache.juli.logging.DirectJDKLog [main] Initializing ProtocolHandler ["http-nio-8080"]
2024-07-28 23:55:02,613 INFO org.apache.juli.logging.DirectJDKLog [main] Starting service [Tomcat]
2024-07-28 23:55:02,619 INFO org.apache.juli.logging.DirectJDKLog [main] Starting Servlet engine: [Apache Tomcat/9.0.63]
2024-07-28 23:55:02,702 INFO org.apache.juli.logging.DirectJDKLog [main] Initializing Spring embedded WebApplicationContext
2024-07-28 23:55:02,702 INFO org.springframework.boot.web.servlet.context.ServletWebServerApplicationContext [main] Root WebApplicationContext: initialization completed in 1145 ms
2024-07-28 23:55:02,895 INFO com.mongodb.internal.diagnostics.logging.SLF4JLogger [main] MongoClient with metadata {"driver": {"name": "mongo-java-driver|sync", "version": "4.10.2"}, "os": {"type": "Windows", "name": "Windows 11", "architecture": "amd64", "version": "10.0"}, "platform": "Java/Oracle Corporation/17.0.11+7-LTS-207"} created with settings MongoClientSettings{readPreference=primary, writeConcern=WriteConcern{w=majority, wTimeout=null ms, journal=null}, retryWrites=true, retryReads=true, readConcern=ReadConcern{level=null}, credential=MongoCredential{mechanism=null, userName='mazebank', source='admin', password=<hidden>, mechanismProperties=<hidden>}, streamFactoryFactory=null, commandListeners=[], codecRegistry=ProvidersCodecRegistry{codecProviders=[ValueCodecProvider{}, BsonValueCodecProvider{}, DBRefCodecProvider{}, DBObjectCodecProvider{}, DocumentCodecProvider{}, CollectionCodecProvider{}, IterableCodecProvider{}, MapCodecProvider{}, GeoJsonCodecProvider{}, GridFSFileCodecProvider{}, Jsr310CodecProvider{}, JsonObjectCodecProvider{}, BsonCodecProvider{}, EnumCodecProvider{}, com.mongodb.client.model.mql.ExpressionCodecProvider@3fd9e827, com.mongodb.Jep395RecordCodecProvider@4e682398, com.mongodb.KotlinCodecProvider@670b3ca]}, loggerSettings=LoggerSettings{maxDocumentLength=1000}, clusterSettings={hosts=[127.0.0.1:27017], srvHost=mazebankcluster.dddrndp.mongodb.net, srvServiceName=mongodb, mode=MULTIPLE, requiredClusterType=REPLICA_SET, requiredReplicaSetName='atlas-qhvfd0-shard-0', serverSelector='null', clusterListeners='[]', serverSelectionTimeout='30000 ms', localThreshold='30000 ms'}, socketSettings=SocketSettings{connectTimeoutMS=10000, readTimeoutMS=0, receiveBufferSize=0, sendBufferSize=0}, heartbeatSocketSettings=SocketSettings{connectTimeoutMS=10000, readTimeoutMS=10000, receiveBufferSize=0, sendBufferSize=0}, connectionPoolSettings=ConnectionPoolSettings{maxSize=100, minSize=0, maxWaitTimeMS=120000, maxConnectionLifeTimeMS=0, maxConnectionIdleTimeMS=0, maintenanceInitialDelayMS=0, maintenanceFrequencyMS=60000, connectionPoolListeners=[], maxConnecting=2}, serverSettings=ServerSettings{heartbeatFrequencyMS=10000, minHeartbeatFrequencyMS=500, serverListeners='[]', serverMonitorListeners='[]'}, sslSettings=SslSettings{enabled=true, invalidHostNameAllowed=false, context=null}, applicationName='null', compressorList=[], uuidRepresentation=UNSPECIFIED, serverApi=ServerApi{version=V1, deprecationErrors=null, strict=null}, autoEncryptionSettings=null, dnsClient=null, inetAddressResolver=null, contextProvider=null}
2024-07-28 23:55:02,915 INFO com.mongodb.internal.diagnostics.logging.SLF4JLogger [cluster-ClusterId{value='66a7048627fca1515ca9846e', description='null'}-srv-mazebankcluster.dddrndp.mongodb.net] Adding discovered server ac-tmdvcbz-shard-00-02.dddrndp.mongodb.net:27017 to client view of cluster
2024-07-28 23:55:02,947 INFO com.mongodb.internal.diagnostics.logging.SLF4JLogger [cluster-ClusterId{value='66a7048627fca1515ca9846e', description='null'}-srv-mazebankcluster.dddrndp.mongodb.net] Adding discovered server ac-tmdvcbz-shard-00-00.dddrndp.mongodb.net:27017 to client view of cluster
2024-07-28 23:55:02,948 INFO com.mongodb.internal.diagnostics.logging.SLF4JLogger [cluster-ClusterId{value='66a7048627fca1515ca9846e', description='null'}-srv-mazebankcluster.dddrndp.mongodb.net] Adding discovered server ac-tmdvcbz-shard-00-01.dddrndp.mongodb.net:27017 to client view of cluster
2024-07-28 23:55:03,464 INFO org.apache.juli.logging.DirectJDKLog [main] Starting ProtocolHandler ["http-nio-8080"]
2024-07-28 23:55:03,505 INFO com.mongodb.internal.diagnostics.logging.SLF4JLogger [cluster-ClusterId{value='66a7048627fca1515ca9846e', description='null'}-ac-tmdvcbz-shard-00-02.dddrndp.mongodb.net:27017] Exception in monitor thread while connecting to server ac-tmdvcbz-shard-00-02.dddrndp.mongodb.net:27017
com.mongodb.MongoSocketWriteException: Exception sending message
	at com.mongodb.internal.connection.InternalStreamConnection.translateWriteException(InternalStreamConnection.java:708)
	at com.mongodb.internal.connection.InternalStreamConnection.sendMessage(InternalStreamConnection.java:585)
	at com.mongodb.internal.connection.InternalStreamConnection.sendCommandMessage(InternalStreamConnection.java:416)
	at com.mongodb.internal.connection.InternalStreamConnection.sendAndReceive(InternalStreamConnection.java:362)
	at com.mongodb.internal.connection.CommandHelper.sendAndReceive(CommandHelper.java:102)
	at com.mongodb.internal.connection.CommandHelper.executeCommand(CommandHelper.java:49)
	at com.mongodb.internal.connection.InternalStreamConnectionInitializer.initializeConnectionDescription(InternalStreamConnectionInitializer.java:129)
	at com.mongodb.internal.connection.InternalStreamConnectionInitializer.startHandshake(InternalStreamConnectionInitializer.java:77)
	at com.mongodb.internal.connection.InternalStreamConnection.open(InternalStreamConnection.java:211)
	at com.mongodb.internal.connection.DefaultServerMonitor$ServerMonitorRunnable.lookupServerDescription(DefaultServerMonitor.java:199)
	at com.mongodb.internal.connection.DefaultServerMonitor$ServerMonitorRunnable.run(DefaultServerMonitor.java:159)
	at java.base/java.lang.Thread.run(Thread.java:842)
Caused by: javax.net.ssl.SSLException: Received fatal alert: internal_error
	at java.base/sun.security.ssl.Alert.createSSLException(Alert.java:133)
	at java.base/sun.security.ssl.Alert.createSSLException(Alert.java:117)
	at java.base/sun.security.ssl.TransportContext.fatal(TransportContext.java:365)
	at java.base/sun.security.ssl.Alert$AlertConsumer.consume(Alert.java:293)
	at java.base/sun.security.ssl.TransportContext.dispatch(TransportContext.java:204)
	at java.base/sun.security.ssl.SSLTransport.decode(SSLTransport.java:172)
	at java.base/sun.security.ssl.SSLSocketImpl.decode(SSLSocketImpl.java:1506)
	at java.base/sun.security.ssl.SSLSocketImpl.readHandshakeRecord(SSLSocketImpl.java:1421)
	at java.base/sun.security.ssl.SSLSocketImpl.startHandshake(SSLSocketImpl.java:455)
	at java.base/sun.security.ssl.SSLSocketImpl.ensureNegotiated(SSLSocketImpl.java:921)
	at java.base/sun.security.ssl.SSLSocketImpl$AppOutputStream.write(SSLSocketImpl.java:1291)
	at com.mongodb.internal.connection.SocketStream.write(SocketStream.java:102)
	at com.mongodb.internal.connection.InternalStreamConnection.sendMessage(InternalStreamConnection.java:582)
	... 10 common frames omitted
2024-07-28 23:55:03,505 INFO com.mongodb.internal.diagnostics.logging.SLF4JLogger [cluster-ClusterId{value='66a7048627fca1515ca9846e', description='null'}-ac-tmdvcbz-shard-00-00.dddrndp.mongodb.net:27017] Exception in monitor thread while connecting to server ac-tmdvcbz-shard-00-00.dddrndp.mongodb.net:27017
com.mongodb.MongoSocketWriteException: Exception sending message
	at com.mongodb.internal.connection.InternalStreamConnection.translateWriteException(InternalStreamConnection.java:708)
	at com.mongodb.internal.connection.InternalStreamConnection.sendMessage(InternalStreamConnection.java:585)
	at com.mongodb.internal.connection.InternalStreamConnection.sendCommandMessage(InternalStreamConnection.java:416)
	at com.mongodb.internal.connection.InternalStreamConnection.sendAndReceive(InternalStreamConnection.java:362)
	at com.mongodb.internal.connection.CommandHelper.sendAndReceive(CommandHelper.java:102)
	at com.mongodb.internal.connection.CommandHelper.executeCommand(CommandHelper.java:49)
	at com.mongodb.internal.connection.InternalStreamConnectionInitializer.initializeConnectionDescription(InternalStreamConnectionInitializer.java:129)
	at com.mongodb.internal.connection.InternalStreamConnectionInitializer.startHandshake(InternalStreamConnectionInitializer.java:77)
	at com.mongodb.internal.connection.InternalStreamConnection.open(InternalStreamConnection.java:211)
	at com.mongodb.internal.connection.DefaultServerMonitor$ServerMonitorRunnable.lookupServerDescription(DefaultServerMonitor.java:199)
	at com.mongodb.internal.connection.DefaultServerMonitor$ServerMonitorRunnable.run(DefaultServerMonitor.java:159)
	at java.base/java.lang.Thread.run(Thread.java:842)
Caused by: javax.net.ssl.SSLException: Received fatal alert: internal_error
	at java.base/sun.security.ssl.Alert.createSSLException(Alert.java:133)
	at java.base/sun.security.ssl.Alert.createSSLException(Alert.java:117)
	at java.base/sun.security.ssl.TransportContext.fatal(TransportContext.java:365)
	at java.base/sun.security.ssl.Alert$AlertConsumer.consume(Alert.java:293)
	at java.base/sun.security.ssl.TransportContext.dispatch(TransportContext.java:204)
	at java.base/sun.security.ssl.SSLTransport.decode(SSLTransport.java:172)
	at java.base/sun.security.ssl.SSLSocketImpl.decode(SSLSocketImpl.java:1506)
	at java.base/sun.security.ssl.SSLSocketImpl.readHandshakeRecord(SSLSocketImpl.java:1421)
	at java.base/sun.security.ssl.SSLSocketImpl.startHandshake(SSLSocketImpl.java:455)
	at java.base/sun.security.ssl.SSLSocketImpl.ensureNegotiated(SSLSocketImpl.java:921)
	at java.base/sun.security.ssl.SSLSocketImpl$AppOutputStream.write(SSLSocketImpl.java:1291)
	at com.mongodb.internal.connection.SocketStream.write(SocketStream.java:102)
	at com.mongodb.internal.connection.InternalStreamConnection.sendMessage(InternalStreamConnection.java:582)
	... 10 common frames omitted
2024-07-28 23:55:03,506 INFO com.mongodb.internal.diagnostics.logging.SLF4JLogger [cluster-ClusterId{value='66a7048627fca1515ca9846e', description='null'}-ac-tmdvcbz-shard-00-01.dddrndp.mongodb.net:27017] Exception in monitor thread while connecting to server ac-tmdvcbz-shard-00-01.dddrndp.mongodb.net:27017
com.mongodb.MongoSocketWriteException: Exception sending message
	at com.mongodb.internal.connection.InternalStreamConnection.translateWriteException(InternalStreamConnection.java:708)
	at com.mongodb.internal.connection.InternalStreamConnection.sendMessage(InternalStreamConnection.java:585)
	at com.mongodb.internal.connection.InternalStreamConnection.sendCommandMessage(InternalStreamConnection.java:416)
	at com.mongodb.internal.connection.InternalStreamConnection.sendAndReceive(InternalStreamConnection.java:362)
	at com.mongodb.internal.connection.CommandHelper.sendAndReceive(CommandHelper.java:102)
	at com.mongodb.internal.connection.CommandHelper.executeCommand(CommandHelper.java:49)
	at com.mongodb.internal.connection.InternalStreamConnectionInitializer.initializeConnectionDescription(InternalStreamConnectionInitializer.java:129)
	at com.mongodb.internal.connection.InternalStreamConnectionInitializer.startHandshake(InternalStreamConnectionInitializer.java:77)
	at com.mongodb.internal.connection.InternalStreamConnection.open(InternalStreamConnection.java:211)
	at com.mongodb.internal.connection.DefaultServerMonitor$ServerMonitorRunnable.lookupServerDescription(DefaultServerMonitor.java:199)
	at com.mongodb.internal.connection.DefaultServerMonitor$ServerMonitorRunnable.run(DefaultServerMonitor.java:159)
	at java.base/java.lang.Thread.run(Thread.java:842)
Caused by: javax.net.ssl.SSLException: Received fatal alert: internal_error
	at java.base/sun.security.ssl.Alert.createSSLException(Alert.java:133)
	at java.base/sun.security.ssl.Alert.createSSLException(Alert.java:117)
	at java.base/sun.security.ssl.TransportContext.fatal(TransportContext.java:365)
	at java.base/sun.security.ssl.Alert$AlertConsumer.consume(Alert.java:293)
	at java.base/sun.security.ssl.TransportContext.dispatch(TransportContext.java:204)
	at java.base/sun.security.ssl.SSLTransport.decode(SSLTransport.java:172)
	at java.base/sun.security.ssl.SSLSocketImpl.decode(SSLSocketImpl.java:1506)
	at java.base/sun.security.ssl.SSLSocketImpl.readHandshakeRecord(SSLSocketImpl.java:1421)
	at java.base/sun.security.ssl.SSLSocketImpl.startHandshake(SSLSocketImpl.java:455)
	at java.base/sun.security.ssl.SSLSocketImpl.ensureNegotiated(SSLSocketImpl.java:921)
	at java.base/sun.security.ssl.SSLSocketImpl$AppOutputStream.write(SSLSocketImpl.java:1291)
	at com.mongodb.internal.connection.SocketStream.write(SocketStream.java:102)
	at com.mongodb.internal.connection.InternalStreamConnection.sendMessage(InternalStreamConnection.java:582)
	... 10 common frames omitted
2024-07-28 23:55:03,575 INFO org.springframework.boot.web.embedded.tomcat.TomcatWebServer [main] Tomcat started on port(s): 8080 (http) with context path '/mazebank'
2024-07-28 23:55:03,589 INFO org.springframework.boot.StartupInfoLogger [main] Started MazebankApplication in 2.504 seconds (JVM running for 2.954)
2024-07-28 23:55:53,732 INFO com.mongodb.internal.diagnostics.logging.SLF4JLogger [cluster-ClusterId{value='66a7048627fca1515ca9846e', description='null'}-ac-tmdvcbz-shard-00-01.dddrndp.mongodb.net:27017] Monitor thread successfully connected to server with description ServerDescription{address=ac-tmdvcbz-shard-00-01.dddrndp.mongodb.net:27017, type=REPLICA_SET_PRIMARY, state=CONNECTED, ok=true, minWireVersion=0, maxWireVersion=21, maxDocumentSize=16777216, logicalSessionTimeoutMinutes=30, roundTripTimeNanos=97174400, setName='atlas-qhvfd0-shard-0', canonicalAddress=ac-tmdvcbz-shard-00-01.dddrndp.mongodb.net:27017, hosts=[ac-tmdvcbz-shard-00-02.dddrndp.mongodb.net:27017, ac-tmdvcbz-shard-00-00.dddrndp.mongodb.net:27017, ac-tmdvcbz-shard-00-01.dddrndp.mongodb.net:27017], passives=[], arbiters=[], primary='ac-tmdvcbz-shard-00-01.dddrndp.mongodb.net:27017', tagSet=TagSet{[Tag{name='availabilityZone', value='southamerica-east1-b'}, Tag{name='diskState', value='READY'}, Tag{name='nodeType', value='ELECTABLE'}, Tag{name='provider', value='GCP'}, Tag{name='region', value='SOUTH_AMERICA_EAST_1'}, Tag{name='workloadType', value='OPERATIONAL'}]}, electionId=7fffffff00000000000000e8, setVersion=32, topologyVersion=TopologyVersion{processId=668e962053e33eb2d9022a32, counter=6}, lastWriteDate=Sun Jul 28 23:56:24 BRT 2024, lastUpdateTimeNanos=264927464062900}
2024-07-28 23:55:53,732 INFO com.mongodb.internal.diagnostics.logging.SLF4JLogger [cluster-ClusterId{value='66a7048627fca1515ca9846e', description='null'}-ac-tmdvcbz-shard-00-02.dddrndp.mongodb.net:27017] Monitor thread successfully connected to server with description ServerDescription{address=ac-tmdvcbz-shard-00-02.dddrndp.mongodb.net:27017, type=REPLICA_SET_SECONDARY, state=CONNECTED, ok=true, minWireVersion=0, maxWireVersion=21, maxDocumentSize=16777216, logicalSessionTimeoutMinutes=30, roundTripTimeNanos=96872000, setName='atlas-qhvfd0-shard-0', canonicalAddress=ac-tmdvcbz-shard-00-02.dddrndp.mongodb.net:27017, hosts=[ac-tmdvcbz-shard-00-02.dddrndp.mongodb.net:27017, ac-tmdvcbz-shard-00-00.dddrndp.mongodb.net:27017, ac-tmdvcbz-shard-00-01.dddrndp.mongodb.net:27017], passives=[], arbiters=[], primary='ac-tmdvcbz-shard-00-01.dddrndp.mongodb.net:27017', tagSet=TagSet{[Tag{name='availabilityZone', value='southamerica-east1-c'}, Tag{name='diskState', value='READY'}, Tag{name='nodeType', value='ELECTABLE'}, Tag{name='provider', value='GCP'}, Tag{name='region', value='SOUTH_AMERICA_EAST_1'}, Tag{name='workloadType', value='OPERATIONAL'}]}, electionId=null, setVersion=32, topologyVersion=TopologyVersion{processId=668e96757d267586ac9d844d, counter=3}, lastWriteDate=Sun Jul 28 23:56:24 BRT 2024, lastUpdateTimeNanos=264927464062800}
2024-07-28 23:55:53,732 INFO com.mongodb.internal.diagnostics.logging.SLF4JLogger [cluster-ClusterId{value='66a7048627fca1515ca9846e', description='null'}-ac-tmdvcbz-shard-00-00.dddrndp.mongodb.net:27017] Monitor thread successfully connected to server with description ServerDescription{address=ac-tmdvcbz-shard-00-00.dddrndp.mongodb.net:27017, type=REPLICA_SET_SECONDARY, state=CONNECTED, ok=true, minWireVersion=0, maxWireVersion=21, maxDocumentSize=16777216, logicalSessionTimeoutMinutes=30, roundTripTimeNanos=96886200, setName='atlas-qhvfd0-shard-0', canonicalAddress=ac-tmdvcbz-shard-00-00.dddrndp.mongodb.net:27017, hosts=[ac-tmdvcbz-shard-00-02.dddrndp.mongodb.net:27017, ac-tmdvcbz-shard-00-00.dddrndp.mongodb.net:27017, ac-tmdvcbz-shard-00-01.dddrndp.mongodb.net:27017], passives=[], arbiters=[], primary='ac-tmdvcbz-shard-00-01.dddrndp.mongodb.net:27017', tagSet=TagSet{[Tag{name='availabilityZone', value='southamerica-east1-a'}, Tag{name='diskState', value='READY'}, Tag{name='nodeType', value='ELECTABLE'}, Tag{name='provider', value='GCP'}, Tag{name='region', value='SOUTH_AMERICA_EAST_1'}, Tag{name='workloadType', value='OPERATIONAL'}]}, electionId=null, setVersion=32, topologyVersion=TopologyVersion{processId=668e95cdbb8bd16ca66ef412, counter=4}, lastWriteDate=Sun Jul 28 23:56:24 BRT 2024, lastUpdateTimeNanos=264927464062900}
2024-07-28 23:55:53,733 INFO com.mongodb.internal.diagnostics.logging.SLF4JLogger [cluster-ClusterId{value='66a7048627fca1515ca9846e', description='null'}-ac-tmdvcbz-shard-00-01.dddrndp.mongodb.net:27017] Discovered replica set primary ac-tmdvcbz-shard-00-01.dddrndp.mongodb.net:27017 with max election id 7fffffff00000000000000e8 and max set version 32
2024-07-28 23:56:02,036 INFO org.springframework.boot.StartupInfoLogger [main] Starting MazebankApplication using Java 17.0.11 on HENRIQUE-PC with PID 24532 (E:\Henrique Teixeira\Projetos\Java\mazebank\target\classes started by hthen in E:\Henrique Teixeira\Projetos\Java\mazebank)
2024-07-28 23:56:02,042 INFO org.springframework.boot.SpringApplication [main] No active profile set, falling back to 1 default profile: "default"
2024-07-28 23:56:03,250 INFO org.springframework.boot.web.embedded.tomcat.TomcatWebServer [main] Tomcat initialized with port(s): 8080 (http)
2024-07-28 23:56:03,258 INFO org.apache.juli.logging.DirectJDKLog [main] Initializing ProtocolHandler ["http-nio-8080"]
2024-07-28 23:56:03,258 INFO org.apache.juli.logging.DirectJDKLog [main] Starting service [Tomcat]
2024-07-28 23:56:03,259 INFO org.apache.juli.logging.DirectJDKLog [main] Starting Servlet engine: [Apache Tomcat/9.0.63]
2024-07-28 23:56:03,368 INFO org.apache.juli.logging.DirectJDKLog [main] Initializing Spring embedded WebApplicationContext
2024-07-28 23:56:03,369 INFO org.springframework.boot.web.servlet.context.ServletWebServerApplicationContext [main] Root WebApplicationContext: initialization completed in 1250 ms
2024-07-28 23:56:03,549 INFO com.mongodb.internal.diagnostics.logging.SLF4JLogger [main] MongoClient with metadata {"driver": {"name": "mongo-java-driver|sync", "version": "4.10.2"}, "os": {"type": "Windows", "name": "Windows 11", "architecture": "amd64", "version": "10.0"}, "platform": "Java/Oracle Corporation/17.0.11+7-LTS-207"} created with settings MongoClientSettings{readPreference=primary, writeConcern=WriteConcern{w=majority, wTimeout=null ms, journal=null}, retryWrites=true, retryReads=true, readConcern=ReadConcern{level=null}, credential=MongoCredential{mechanism=null, userName='mazebank', source='admin', password=<hidden>, mechanismProperties=<hidden>}, streamFactoryFactory=null, commandListeners=[], codecRegistry=ProvidersCodecRegistry{codecProviders=[ValueCodecProvider{}, BsonValueCodecProvider{}, DBRefCodecProvider{}, DBObjectCodecProvider{}, DocumentCodecProvider{}, CollectionCodecProvider{}, IterableCodecProvider{}, MapCodecProvider{}, GeoJsonCodecProvider{}, GridFSFileCodecProvider{}, Jsr310CodecProvider{}, JsonObjectCodecProvider{}, BsonCodecProvider{}, EnumCodecProvider{}, com.mongodb.client.model.mql.ExpressionCodecProvider@2d64c100, com.mongodb.Jep395RecordCodecProvider@69d45cca, com.mongodb.KotlinCodecProvider@2fdf17dc]}, loggerSettings=LoggerSettings{maxDocumentLength=1000}, clusterSettings={hosts=[127.0.0.1:27017], srvHost=mazebankcluster.dddrndp.mongodb.net, srvServiceName=mongodb, mode=MULTIPLE, requiredClusterType=REPLICA_SET, requiredReplicaSetName='atlas-qhvfd0-shard-0', serverSelector='null', clusterListeners='[]', serverSelectionTimeout='30000 ms', localThreshold='30000 ms'}, socketSettings=SocketSettings{connectTimeoutMS=10000, readTimeoutMS=0, receiveBufferSize=0, sendBufferSize=0}, heartbeatSocketSettings=SocketSettings{connectTimeoutMS=10000, readTimeoutMS=10000, receiveBufferSize=0, sendBufferSize=0}, connectionPoolSettings=ConnectionPoolSettings{maxSize=100, minSize=0, maxWaitTimeMS=120000, maxConnectionLifeTimeMS=0, maxConnectionIdleTimeMS=0, maintenanceInitialDelayMS=0, maintenanceFrequencyMS=60000, connectionPoolListeners=[], maxConnecting=2}, serverSettings=ServerSettings{heartbeatFrequencyMS=10000, minHeartbeatFrequencyMS=500, serverListeners='[]', serverMonitorListeners='[]'}, sslSettings=SslSettings{enabled=true, invalidHostNameAllowed=false, context=null}, applicationName='null', compressorList=[], uuidRepresentation=UNSPECIFIED, serverApi=ServerApi{version=V1, deprecationErrors=null, strict=null}, autoEncryptionSettings=null, dnsClient=null, inetAddressResolver=null, contextProvider=null}
2024-07-28 23:56:03,553 INFO com.mongodb.internal.diagnostics.logging.SLF4JLogger [cluster-ClusterId{value='66a704c3c9dc96350f8d85a6', description='null'}-srv-mazebankcluster.dddrndp.mongodb.net] Adding discovered server ac-tmdvcbz-shard-00-02.dddrndp.mongodb.net:27017 to client view of cluster
2024-07-28 23:56:03,578 INFO com.mongodb.internal.diagnostics.logging.SLF4JLogger [cluster-ClusterId{value='66a704c3c9dc96350f8d85a6', description='null'}-srv-mazebankcluster.dddrndp.mongodb.net] Adding discovered server ac-tmdvcbz-shard-00-00.dddrndp.mongodb.net:27017 to client view of cluster
2024-07-28 23:56:03,579 INFO com.mongodb.internal.diagnostics.logging.SLF4JLogger [cluster-ClusterId{value='66a704c3c9dc96350f8d85a6', description='null'}-srv-mazebankcluster.dddrndp.mongodb.net] Adding discovered server ac-tmdvcbz-shard-00-01.dddrndp.mongodb.net:27017 to client view of cluster
2024-07-28 23:56:04,303 INFO org.apache.juli.logging.DirectJDKLog [main] Starting ProtocolHandler ["http-nio-8080"]
2024-07-28 23:56:04,333 INFO com.mongodb.internal.diagnostics.logging.SLF4JLogger [cluster-ClusterId{value='66a704c3c9dc96350f8d85a6', description='null'}-ac-tmdvcbz-shard-00-01.dddrndp.mongodb.net:27017] Monitor thread successfully connected to server with description ServerDescription{address=ac-tmdvcbz-shard-00-01.dddrndp.mongodb.net:27017, type=REPLICA_SET_PRIMARY, state=CONNECTED, ok=true, minWireVersion=0, maxWireVersion=21, maxDocumentSize=16777216, logicalSessionTimeoutMinutes=30, roundTripTimeNanos=468304700, setName='atlas-qhvfd0-shard-0', canonicalAddress=ac-tmdvcbz-shard-00-01.dddrndp.mongodb.net:27017, hosts=[ac-tmdvcbz-shard-00-02.dddrndp.mongodb.net:27017, ac-tmdvcbz-shard-00-00.dddrndp.mongodb.net:27017, ac-tmdvcbz-shard-00-01.dddrndp.mongodb.net:27017], passives=[], arbiters=[], primary='ac-tmdvcbz-shard-00-01.dddrndp.mongodb.net:27017', tagSet=TagSet{[Tag{name='availabilityZone', value='southamerica-east1-b'}, Tag{name='diskState', value='READY'}, Tag{name='nodeType', value='ELECTABLE'}, Tag{name='provider', value='GCP'}, Tag{name='region', value='SOUTH_AMERICA_EAST_1'}, Tag{name='workloadType', value='OPERATIONAL'}]}, electionId=7fffffff00000000000000e8, setVersion=32, topologyVersion=TopologyVersion{processId=668e962053e33eb2d9022a32, counter=6}, lastWriteDate=Sun Jul 28 23:56:34 BRT 2024, lastUpdateTimeNanos=264938063528000}
2024-07-28 23:56:04,333 INFO com.mongodb.internal.diagnostics.logging.SLF4JLogger [cluster-ClusterId{value='66a704c3c9dc96350f8d85a6', description='null'}-ac-tmdvcbz-shard-00-02.dddrndp.mongodb.net:27017] Monitor thread successfully connected to server with description ServerDescription{address=ac-tmdvcbz-shard-00-02.dddrndp.mongodb.net:27017, type=REPLICA_SET_SECONDARY, state=CONNECTED, ok=true, minWireVersion=0, maxWireVersion=21, maxDocumentSize=16777216, logicalSessionTimeoutMinutes=30, roundTripTimeNanos=468286000, setName='atlas-qhvfd0-shard-0', canonicalAddress=ac-tmdvcbz-shard-00-02.dddrndp.mongodb.net:27017, hosts=[ac-tmdvcbz-shard-00-02.dddrndp.mongodb.net:27017, ac-tmdvcbz-shard-00-00.dddrndp.mongodb.net:27017, ac-tmdvcbz-shard-00-01.dddrndp.mongodb.net:27017], passives=[], arbiters=[], primary='ac-tmdvcbz-shard-00-01.dddrndp.mongodb.net:27017', tagSet=TagSet{[Tag{name='availabilityZone', value='southamerica-east1-c'}, Tag{name='diskState', value='READY'}, Tag{name='nodeType', value='ELECTABLE'}, Tag{name='provider', value='GCP'}, Tag{name='region', value='SOUTH_AMERICA_EAST_1'}, Tag{name='workloadType', value='OPERATIONAL'}]}, electionId=null, setVersion=32, topologyVersion=TopologyVersion{processId=668e96757d267586ac9d844d, counter=3}, lastWriteDate=Sun Jul 28 23:56:34 BRT 2024, lastUpdateTimeNanos=264938063528100}
2024-07-28 23:56:04,333 INFO com.mongodb.internal.diagnostics.logging.SLF4JLogger [cluster-ClusterId{value='66a704c3c9dc96350f8d85a6', description='null'}-ac-tmdvcbz-shard-00-00.dddrndp.mongodb.net:27017] Monitor thread successfully connected to server with description ServerDescription{address=ac-tmdvcbz-shard-00-00.dddrndp.mongodb.net:27017, type=REPLICA_SET_SECONDARY, state=CONNECTED, ok=true, minWireVersion=0, maxWireVersion=21, maxDocumentSize=16777216, logicalSessionTimeoutMinutes=30, roundTripTimeNanos=468268600, setName='atlas-qhvfd0-shard-0', canonicalAddress=ac-tmdvcbz-shard-00-00.dddrndp.mongodb.net:27017, hosts=[ac-tmdvcbz-shard-00-02.dddrndp.mongodb.net:27017, ac-tmdvcbz-shard-00-00.dddrndp.mongodb.net:27017, ac-tmdvcbz-shard-00-01.dddrndp.mongodb.net:27017], passives=[], arbiters=[], primary='ac-tmdvcbz-shard-00-01.dddrndp.mongodb.net:27017', tagSet=TagSet{[Tag{name='availabilityZone', value='southamerica-east1-a'}, Tag{name='diskState', value='READY'}, Tag{name='nodeType', value='ELECTABLE'}, Tag{name='provider', value='GCP'}, Tag{name='region', value='SOUTH_AMERICA_EAST_1'}, Tag{name='workloadType', value='OPERATIONAL'}]}, electionId=null, setVersion=32, topologyVersion=TopologyVersion{processId=668e95cdbb8bd16ca66ef412, counter=4}, lastWriteDate=Sun Jul 28 23:56:34 BRT 2024, lastUpdateTimeNanos=264938063528100}
2024-07-28 23:56:04,342 INFO com.mongodb.internal.diagnostics.logging.SLF4JLogger [cluster-ClusterId{value='66a704c3c9dc96350f8d85a6', description='null'}-ac-tmdvcbz-shard-00-01.dddrndp.mongodb.net:27017] Discovered replica set primary ac-tmdvcbz-shard-00-01.dddrndp.mongodb.net:27017 with max election id 7fffffff00000000000000e8 and max set version 32
2024-07-28 23:56:04,358 INFO org.springframework.boot.web.embedded.tomcat.TomcatWebServer [main] Tomcat started on port(s): 8080 (http) with context path '/mazebank'
2024-07-28 23:56:04,370 INFO org.springframework.boot.StartupInfoLogger [main] Started MazebankApplication in 2.704 seconds (JVM running for 3.171)
2024-07-28 23:57:07,936 INFO org.springframework.boot.StartupInfoLogger [main] Starting MazebankApplication using Java 17.0.11 on HENRIQUE-PC with PID 29768 (E:\Henrique Teixeira\Projetos\Java\mazebank\target\classes started by hthen in E:\Henrique Teixeira\Projetos\Java\mazebank)
2024-07-28 23:57:07,942 INFO org.springframework.boot.SpringApplication [main] No active profile set, falling back to 1 default profile: "default"
2024-07-28 23:57:09,175 INFO org.springframework.boot.web.embedded.tomcat.TomcatWebServer [main] Tomcat initialized with port(s): 8080 (http)
2024-07-28 23:57:09,184 INFO org.apache.juli.logging.DirectJDKLog [main] Initializing ProtocolHandler ["http-nio-8080"]
2024-07-28 23:57:09,185 INFO org.apache.juli.logging.DirectJDKLog [main] Starting service [Tomcat]
2024-07-28 23:57:09,185 INFO org.apache.juli.logging.DirectJDKLog [main] Starting Servlet engine: [Apache Tomcat/9.0.63]
2024-07-28 23:57:09,258 INFO org.apache.juli.logging.DirectJDKLog [main] Initializing Spring embedded WebApplicationContext
2024-07-28 23:57:09,258 INFO org.springframework.boot.web.servlet.context.ServletWebServerApplicationContext [main] Root WebApplicationContext: initialization completed in 1257 ms
2024-07-28 23:57:09,418 INFO com.mongodb.internal.diagnostics.logging.SLF4JLogger [main] MongoClient with metadata {"driver": {"name": "mongo-java-driver|sync", "version": "4.10.2"}, "os": {"type": "Windows", "name": "Windows 11", "architecture": "amd64", "version": "10.0"}, "platform": "Java/Oracle Corporation/17.0.11+7-LTS-207"} created with settings MongoClientSettings{readPreference=primary, writeConcern=WriteConcern{w=majority, wTimeout=null ms, journal=null}, retryWrites=true, retryReads=true, readConcern=ReadConcern{level=null}, credential=MongoCredential{mechanism=null, userName='mazebank', source='admin', password=<hidden>, mechanismProperties=<hidden>}, streamFactoryFactory=null, commandListeners=[], codecRegistry=ProvidersCodecRegistry{codecProviders=[ValueCodecProvider{}, BsonValueCodecProvider{}, DBRefCodecProvider{}, DBObjectCodecProvider{}, DocumentCodecProvider{}, CollectionCodecProvider{}, IterableCodecProvider{}, MapCodecProvider{}, GeoJsonCodecProvider{}, GridFSFileCodecProvider{}, Jsr310CodecProvider{}, JsonObjectCodecProvider{}, BsonCodecProvider{}, EnumCodecProvider{}, com.mongodb.client.model.mql.ExpressionCodecProvider@3f1a4795, com.mongodb.Jep395RecordCodecProvider@6a6f6c7e, com.mongodb.KotlinCodecProvider@6c5ddccd]}, loggerSettings=LoggerSettings{maxDocumentLength=1000}, clusterSettings={hosts=[127.0.0.1:27017], srvHost=mazebankcluster.dddrndp.mongodb.net, srvServiceName=mongodb, mode=MULTIPLE, requiredClusterType=REPLICA_SET, requiredReplicaSetName='atlas-qhvfd0-shard-0', serverSelector='null', clusterListeners='[]', serverSelectionTimeout='30000 ms', localThreshold='30000 ms'}, socketSettings=SocketSettings{connectTimeoutMS=10000, readTimeoutMS=0, receiveBufferSize=0, sendBufferSize=0}, heartbeatSocketSettings=SocketSettings{connectTimeoutMS=10000, readTimeoutMS=10000, receiveBufferSize=0, sendBufferSize=0}, connectionPoolSettings=ConnectionPoolSettings{maxSize=100, minSize=0, maxWaitTimeMS=120000, maxConnectionLifeTimeMS=0, maxConnectionIdleTimeMS=0, maintenanceInitialDelayMS=0, maintenanceFrequencyMS=60000, connectionPoolListeners=[], maxConnecting=2}, serverSettings=ServerSettings{heartbeatFrequencyMS=10000, minHeartbeatFrequencyMS=500, serverListeners='[]', serverMonitorListeners='[]'}, sslSettings=SslSettings{enabled=true, invalidHostNameAllowed=false, context=null}, applicationName='null', compressorList=[], uuidRepresentation=UNSPECIFIED, serverApi=ServerApi{version=V1, deprecationErrors=null, strict=null}, autoEncryptionSettings=null, dnsClient=null, inetAddressResolver=null, contextProvider=null}
2024-07-28 23:57:09,427 INFO com.mongodb.internal.diagnostics.logging.SLF4JLogger [cluster-ClusterId{value='66a705053d8962710cf9cae7', description='null'}-srv-mazebankcluster.dddrndp.mongodb.net] Adding discovered server ac-tmdvcbz-shard-00-02.dddrndp.mongodb.net:27017 to client view of cluster
2024-07-28 23:57:09,462 INFO com.mongodb.internal.diagnostics.logging.SLF4JLogger [cluster-ClusterId{value='66a705053d8962710cf9cae7', description='null'}-srv-mazebankcluster.dddrndp.mongodb.net] Adding discovered server ac-tmdvcbz-shard-00-00.dddrndp.mongodb.net:27017 to client view of cluster
2024-07-28 23:57:09,462 INFO com.mongodb.internal.diagnostics.logging.SLF4JLogger [cluster-ClusterId{value='66a705053d8962710cf9cae7', description='null'}-srv-mazebankcluster.dddrndp.mongodb.net] Adding discovered server ac-tmdvcbz-shard-00-01.dddrndp.mongodb.net:27017 to client view of cluster
2024-07-28 23:57:10,102 INFO org.apache.juli.logging.DirectJDKLog [main] Starting ProtocolHandler ["http-nio-8080"]
2024-07-28 23:57:10,192 INFO org.springframework.boot.web.embedded.tomcat.TomcatWebServer [main] Tomcat started on port(s): 8080 (http) with context path '/mazebank'
2024-07-28 23:57:10,219 INFO org.springframework.boot.StartupInfoLogger [main] Started MazebankApplication in 2.641 seconds (JVM running for 3.033)
2024-07-28 23:57:10,243 INFO com.mongodb.internal.diagnostics.logging.SLF4JLogger [cluster-ClusterId{value='66a705053d8962710cf9cae7', description='null'}-ac-tmdvcbz-shard-00-00.dddrndp.mongodb.net:27017] Monitor thread successfully connected to server with description ServerDescription{address=ac-tmdvcbz-shard-00-00.dddrndp.mongodb.net:27017, type=REPLICA_SET_SECONDARY, state=CONNECTED, ok=true, minWireVersion=0, maxWireVersion=21, maxDocumentSize=16777216, logicalSessionTimeoutMinutes=30, roundTripTimeNanos=490106300, setName='atlas-qhvfd0-shard-0', canonicalAddress=ac-tmdvcbz-shard-00-00.dddrndp.mongodb.net:27017, hosts=[ac-tmdvcbz-shard-00-02.dddrndp.mongodb.net:27017, ac-tmdvcbz-shard-00-00.dddrndp.mongodb.net:27017, ac-tmdvcbz-shard-00-01.dddrndp.mongodb.net:27017], passives=[], arbiters=[], primary='ac-tmdvcbz-shard-00-01.dddrndp.mongodb.net:27017', tagSet=TagSet{[Tag{name='availabilityZone', value='southamerica-east1-a'}, Tag{name='diskState', value='READY'}, Tag{name='nodeType', value='ELECTABLE'}, Tag{name='provider', value='GCP'}, Tag{name='region', value='SOUTH_AMERICA_EAST_1'}, Tag{name='workloadType', value='OPERATIONAL'}]}, electionId=null, setVersion=32, topologyVersion=TopologyVersion{processId=668e95cdbb8bd16ca66ef412, counter=4}, lastWriteDate=Sun Jul 28 23:57:40 BRT 2024, lastUpdateTimeNanos=265003970541000}
2024-07-28 23:57:10,243 INFO com.mongodb.internal.diagnostics.logging.SLF4JLogger [cluster-ClusterId{value='66a705053d8962710cf9cae7', description='null'}-ac-tmdvcbz-shard-00-01.dddrndp.mongodb.net:27017] Monitor thread successfully connected to server with description ServerDescription{address=ac-tmdvcbz-shard-00-01.dddrndp.mongodb.net:27017, type=REPLICA_SET_PRIMARY, state=CONNECTED, ok=true, minWireVersion=0, maxWireVersion=21, maxDocumentSize=16777216, logicalSessionTimeoutMinutes=30, roundTripTimeNanos=490078001, setName='atlas-qhvfd0-shard-0', canonicalAddress=ac-tmdvcbz-shard-00-01.dddrndp.mongodb.net:27017, hosts=[ac-tmdvcbz-shard-00-02.dddrndp.mongodb.net:27017, ac-tmdvcbz-shard-00-00.dddrndp.mongodb.net:27017, ac-tmdvcbz-shard-00-01.dddrndp.mongodb.net:27017], passives=[], arbiters=[], primary='ac-tmdvcbz-shard-00-01.dddrndp.mongodb.net:27017', tagSet=TagSet{[Tag{name='availabilityZone', value='southamerica-east1-b'}, Tag{name='diskState', value='READY'}, Tag{name='nodeType', value='ELECTABLE'}, Tag{name='provider', value='GCP'}, Tag{name='region', value='SOUTH_AMERICA_EAST_1'}, Tag{name='workloadType', value='OPERATIONAL'}]}, electionId=7fffffff00000000000000e8, setVersion=32, topologyVersion=TopologyVersion{processId=668e962053e33eb2d9022a32, counter=6}, lastWriteDate=Sun Jul 28 23:57:40 BRT 2024, lastUpdateTimeNanos=265003970540900}
2024-07-28 23:57:10,243 INFO com.mongodb.internal.diagnostics.logging.SLF4JLogger [cluster-ClusterId{value='66a705053d8962710cf9cae7', description='null'}-ac-tmdvcbz-shard-00-02.dddrndp.mongodb.net:27017] Monitor thread successfully connected to server with description ServerDescription{address=ac-tmdvcbz-shard-00-02.dddrndp.mongodb.net:27017, type=REPLICA_SET_SECONDARY, state=CONNECTED, ok=true, minWireVersion=0, maxWireVersion=21, maxDocumentSize=16777216, logicalSessionTimeoutMinutes=30, roundTripTimeNanos=490107599, setName='atlas-qhvfd0-shard-0', canonicalAddress=ac-tmdvcbz-shard-00-02.dddrndp.mongodb.net:27017, hosts=[ac-tmdvcbz-shard-00-02.dddrndp.mongodb.net:27017, ac-tmdvcbz-shard-00-00.dddrndp.mongodb.net:27017, ac-tmdvcbz-shard-00-01.dddrndp.mongodb.net:27017], passives=[], arbiters=[], primary='ac-tmdvcbz-shard-00-01.dddrndp.mongodb.net:27017', tagSet=TagSet{[Tag{name='availabilityZone', value='southamerica-east1-c'}, Tag{name='diskState', value='READY'}, Tag{name='nodeType', value='ELECTABLE'}, Tag{name='provider', value='GCP'}, Tag{name='region', value='SOUTH_AMERICA_EAST_1'}, Tag{name='workloadType', value='OPERATIONAL'}]}, electionId=null, setVersion=32, topologyVersion=TopologyVersion{processId=668e96757d267586ac9d844d, counter=3}, lastWriteDate=Sun Jul 28 23:57:40 BRT 2024, lastUpdateTimeNanos=265003970540900}
2024-07-28 23:57:10,250 INFO com.mongodb.internal.diagnostics.logging.SLF4JLogger [cluster-ClusterId{value='66a705053d8962710cf9cae7', description='null'}-ac-tmdvcbz-shard-00-01.dddrndp.mongodb.net:27017] Discovered replica set primary ac-tmdvcbz-shard-00-01.dddrndp.mongodb.net:27017 with max election id 7fffffff00000000000000e8 and max set version 32
2024-07-28 23:58:05,028 INFO org.apache.juli.logging.DirectJDKLog [http-nio-8080-exec-1] Initializing Spring DispatcherServlet 'dispatcherServlet'
2024-07-28 23:58:05,028 INFO org.springframework.web.servlet.FrameworkServlet [http-nio-8080-exec-1] Initializing Servlet 'dispatcherServlet'
2024-07-28 23:58:05,028 INFO org.springframework.web.servlet.FrameworkServlet [http-nio-8080-exec-1] Completed initialization in 0 ms
2024-07-28 23:58:05,102 INFO ht.henrique.mazebank.service.impl.ManagementServiceImpl [http-nio-8080-exec-2] Searching user with key: henrique@email.com
2024-07-28 23:58:05,234 INFO ht.henrique.mazebank.service.impl.AuthenticationServiceImpl [http-nio-8080-exec-2] Logged with success
2024-07-28 23:58:05,302 INFO ht.henrique.mazebank.service.impl.ManagementServiceImpl [http-nio-8080-exec-4] Searching user with key: henrique@email.com
2024-07-28 23:58:05,308 INFO ht.henrique.mazebank.service.impl.ManagementServiceImpl [http-nio-8080-exec-4] User founded with uid 669c3a13f4df997161d9a251
2024-07-28 23:58:14,073 INFO ht.henrique.mazebank.service.impl.ManagementServiceImpl [http-nio-8080-exec-6] Searching user with key: 669c3a13f4df997161d9a251
2024-07-28 23:58:23,402 INFO ht.henrique.mazebank.service.impl.ManagementServiceImpl [http-nio-8080-exec-7] Searching user with key: henrique@email.com
2024-07-28 23:58:23,409 INFO ht.henrique.mazebank.service.impl.ManagementServiceImpl [http-nio-8080-exec-7] User founded with uid 669c3a13f4df997161d9a251
